// Bun Snapshot v1, https://goo.gl/fbAQLP

exports[`generateContributorsTable should generate SVG with correct dimensions and attributes 1`] = `"<svg xmlns="http://www.w3.org/2000/svg" width="960" height="40"><a href="https://github.com/contributor" style="cursor:pointer"><svg x="0" y="0" style="overflow:visible"><title>contributor</title><rect fill="url(#a)" rx="6" style="stroke:silver;stroke-width:0;width:40px;height:40px"/><defs><pattern id="a" width="40" height="40" patternUnits="userSpaceOnUse"><image width="40" height="40" href="https://avatars.githubusercontent.com/u/583231?v=4&amp;s=40"/></pattern></defs></svg></a></svg>"`;
